<!DOCTYPE html><html lang="und" dir="auto" xmlns="http://www.w3.org/1999/xhtml" xmlns:v="urn:schemas-microsoft-com:vml" xmlns:o="urn:schemas-microsoft-com:office:office"><head><title>mail-test</title><!--[if !mso]><!--><meta http-equiv="X-UA-Compatible" content="IE=edge"><!--<![endif]--><meta http-equiv="Content-Type" content="text/html; charset=UTF-8"><meta name="viewport" content="width=device-width,initial-scale=1"><style type="text/css">#outlook a{padding:0}body{margin:0;padding:0;-webkit-text-size-adjust:100%;-ms-text-size-adjust:100%}table,td{border-collapse:collapse;mso-table-lspace:0;mso-table-rspace:0}img{border:0;height:auto;line-height:100%;outline:0;text-decoration:none;-ms-interpolation-mode:bicubic}p{display:block;margin:13px 0}</style><!--[if mso]>
<noscript>
<xml>
<o:OfficeDocumentSettings>
  <o:AllowPNG/>
  <o:PixelsPerInch>96</o:PixelsPerInch>
</o:OfficeDocumentSettings>
</xml>
</noscript>
<![endif]--><!--[if lte mso 11]>
<style type="text/css">
  .mj-outlook-group-fix { width:100% !important; }
</style>
<![endif]--><style type="text/css">@media only screen and (min-width:480px){.mj-column-px-600{width:600px!important;max-width:600px}.mj-column-per-100{width:100%!important;max-width:100%}}</style><style media="screen and (min-width:480px)">.moz-text-html .mj-column-px-600{width:600px!important;max-width:600px}.moz-text-html .mj-column-per-100{width:100%!important;max-width:100%}</style><style type="text/css">.secondary{color:rgba(var(--color-secondary-600,116,203,203),1)}.background{background-color:rgba(var(--color-background,38,43,50),1)}.green{color:rgb(22 163 74)}.gray{color:rgb(75 85 99)}.type{color:rgba(var(--color-type,255,255,255),1)}.type-50{color:rgba(var(--color-type,255,255,255),.5)}.card{background-color:rgba(var(--color-card,46,38,34),1)}.gradient-bg{background:linear-gradient(to right,rgba(var(--color-primary-600,197,62,108),1),rgba(var(--color-secondary-800,8,65,65),1),rgba(var(--color-secondary-900,0,0,0),1))}.shadow{box-shadow:0 25px 50px -12px rgba(0,0,0,.25)}.footer-gradient{background:linear-gradient(to bottom right,rgba(var(--color-primary-700,134,25,62),1),rgba(var(--color-secondary-800,8,65,65),1),rgba(var(--color-secondary-900,0,0,0),1))}</style></head><body style="word-spacing:normal"><div class="background" lang="und" dir="auto"><!--[if mso | IE]><table align="center" border="0" cellpadding="0" cellspacing="0" class="gradient-bg-outlook" role="presentation" style="width:600px;" width="600" ><tr><td style="line-height:0px;font-size:0px;mso-line-height-rule:exactly;"><![endif]--><div class="gradient-bg" style="margin:0 auto;max-width:600px"><table align="center" border="0" cellpadding="0" cellspacing="0" role="presentation" style="width:100%"><tbody><tr><td style="direction:ltr;font-size:0;padding:0;text-align:center"><!--[if mso | IE]><table role="presentation" border="0" cellpadding="0" cellspacing="0"><tr><td class="" width="600px" ><table align="center" border="0" cellpadding="0" cellspacing="0" class="" role="presentation" style="width:600px;" width="600" ><tr><td style="line-height:0px;font-size:0px;mso-line-height-rule:exactly;"><![endif]--><div style="margin:0 auto;max-width:600px"><table align="center" border="0" cellpadding="0" cellspacing="0" role="presentation" style="width:100%"><tbody><tr><td style="direction:ltr;font-size:0;padding:40px 0;text-align:center"><!--[if mso | IE]><table role="presentation" border="0" cellpadding="0" cellspacing="0"><tr><td class="" style="vertical-align:top;width:600px;" ><![endif]--><div class="mj-column-px-600 mj-outlook-group-fix" style="font-size:0;text-align:left;direction:ltr;display:inline-block;vertical-align:top;width:100%"><table border="0" cellpadding="0" cellspacing="0" role="presentation" style="vertical-align:top" width="100%"><tbody><tr><td class="shadow" style="font-size:0;padding:20px;word-break:break-word"><!--[if mso | IE]><table align="center" border="0" cellpadding="0" cellspacing="0" class="shadow-outlook" role="presentation" style="width:600px;" width="600" bgcolor="white" ><tr><td style="line-height:0px;font-size:0px;mso-line-height-rule:exactly;"><![endif]--><div class="shadow" style="background:#fff;background-color:#fff;margin:0 auto;border-radius:12px;max-width:600px"><table align="center" border="0" cellpadding="0" cellspacing="0" role="presentation" style="background:#fff;background-color:#fff;width:100%;border-radius:12px"><tbody><tr><td style="direction:ltr;font-size:0;padding:20px;text-align:center"><!--[if mso | IE]><table role="presentation" border="0" cellpadding="0" cellspacing="0"><tr><td class="" style="vertical-align:top;width:560px;" ><![endif]--><div class="mj-column-per-100 mj-outlook-group-fix" style="font-size:0;text-align:left;direction:ltr;display:inline-block;vertical-align:top;width:100%"><table border="0" cellpadding="0" cellspacing="0" role="presentation" style="vertical-align:top" width="100%"><tbody><tr><td align="left" style="font-size:0;padding:10px 25px;word-break:break-word"><table cellpadding="0" cellspacing="0" width="100%" border="0" style="color:#000;font-family:Ubuntu,Helvetica,Arial,sans-serif;font-size:13px;line-height:22px;table-layout:auto;width:100%;border:none"><tbody><tr><td style="width:48px;padding-right:8px"><svg xmlns="http://www.w3.org/2000/svg" fill="none" viewBox="0 0 24 24" stroke-width="1.5" stroke="currentColor" style="width:48px;height:48px;color:#16a34a"><path stroke-linecap="round" stroke-linejoin="round" d="M9 12.75L11.25 15 15 9.75M21 12a9 9 0 11-18 0 9 9 0 0118 0z"></path></svg></td><td><mj-text css-class="green" font-size="24px" font-weight="600">Subscription Confirmed!</mj-text></td></tr></tbody></table></td></tr><tr><td align="left" class="gray" style="font-size:0;padding:10px 25px;padding-top:16px;word-break:break-word"><div style="font-family:Ubuntu,Helvetica,Arial,sans-serif;font-size:13px;line-height:1;text-align:left;color:#000"><p>We've received your submission and will be in touch shortly.</p></div></td></tr></tbody></table></div><!--[if mso | IE]></td></tr></table><![endif]--></td></tr></tbody></table></div><!--[if mso | IE]></td></tr></table><![endif]--></td></tr></tbody></table></div><!--[if mso | IE]></td></tr></table><![endif]--></td></tr></tbody></table></div><!--[if mso | IE]></td></tr></table></td></tr></table><![endif]--></td></tr></tbody></table></div><!--[if mso | IE]></td></tr></table><![endif]--></div> </body></html>